// Jest Snapshot v1, https://goo.gl/fbAQLP

exports[`CreateGame component test it should render 1`] = `
<button
  className="ui button"
  onBlur={[Function]}
  onClick={[Function]}
  onFocus={[Function]}
  onMouseEnter={[Function]}
  onMouseLeave={[Function]}
  style={
    Object {
      "backgroundColor": "#2A9D8F",
      "color": "white",
    }
  }
>
  <i
    className="map marker alternate icon"
  />
  Get Location
</button>
`;
